// Jest Snapshot v1, https://goo.gl/fbAQLP

exports[`Should render Expense List Item 1`] = `
<div>
  <Link
    to="/edit/1"
  >
    <h3>
      Gum
    </h3>
  </Link>
  <p>
    â‚¹195.00
     - 
    1st January, 1970
  </p>
</div>
`;
