// Jest Snapshot v1, https://goo.gl/fbAQLP

exports[`Should render Login Page component 1`] = `
<div>
  <p>
    Login to your account
  </p>
  <button>
    Login
  </button>
</div>
`;
